# 磁盘清理日志

日期: `2024-07-02`

TODO


## 目录

+ 1 Fedora CoreOS 服务器 (e5)

  - 1.1 SSD 480GB (NVMe M.2)
  - 1.2 `/dev/sda` 硬盘 4TB (SATA 3.5 英寸)
  - 1.3 `/dev/sdb` 硬盘 4TB (SATA 3.5 英寸)

+ 2 (c4) 4 号 PC (ArchLinux)

  - 2.1 SSD 450GB (SATA 2.5 英寸)

+ 3 (c6) 6 号 PC (ArchLinux)

TODO


## 1 Fedora CoreOS 服务器 (e5)

```sh
core@MiWiFi-RA74-srv:~$ sudo fdisk -l
```

### 1.1 SSD 480GB (NVMe M.2)

```sh
Disk /dev/nvme0n1: 476.94 GiB, 512110190592 bytes, 1000215216 sectors
Disk model: KINGBANK KP230                          
Units: sectors of 1 * 512 = 512 bytes
Sector size (logical/physical): 512 bytes / 512 bytes
I/O size (minimum/optimal): 512 bytes / 512 bytes
Disklabel type: gpt
Disk identifier: 073F93BE-5FA8-42B2-9ECB-37CF3ACCE2A8
```

### 1.2 `/dev/sda` 硬盘 4TB (SATA 3.5 英寸)

```sh
Disk /dev/sda: 3.64 TiB, 4000787030016 bytes, 7814037168 sectors
Disk model: TOSHIBA MG04ACA4
Units: sectors of 1 * 512 = 512 bytes
Sector size (logical/physical): 512 bytes / 4096 bytes
I/O size (minimum/optimal): 4096 bytes / 4096 bytes
Disklabel type: gpt
Disk identifier: AC9E4B43-C8C9-408E-8B28-16828A83EB83
```

### 1.3 `/dev/sdb` 硬盘 4TB (SATA 3.5 英寸)

```sh
Disk /dev/sdb: 3.64 TiB, 4000787030016 bytes, 7814037168 sectors
Disk model: HGST HMS5C4040BL
Units: sectors of 1 * 512 = 512 bytes
Sector size (logical/physical): 512 bytes / 4096 bytes
I/O size (minimum/optimal): 4096 bytes / 4096 bytes
Disklabel type: gpt
Disk identifier: 1A08BE7B-ED19-4EF9-AC4D-7F5ECB213941
```


## 2 (c4) 4 号 PC (ArchLinux)

```sh
> sudo fdisk -l
```

### 2.1 SSD 450GB (SATA 2.5 英寸)

```sh
Disk /dev/sda：447.13 GiB，480103981056 字节，937703088 个扇区
磁盘型号：UNIC2 S100-480  
单元：扇区 / 1 * 512 = 512 字节
扇区大小(逻辑/物理)：512 字节 / 512 字节
I/O 大小(最小/最佳)：512 字节 / 512 字节
磁盘标签类型：gpt
磁盘标识符：3D18C47A-D059-4163-A929-F1DEF7AA3612
```


## 3 (c6) 6 号 PC (ArchLinux)

TODO
